../Core/Src/main.c:105:10:Read_MQ135	16	static
../Core/Src/main.c:116:6:update_measurement	16	static
../Core/Src/main.c:156:6:I2C_Scan	16	static
../Core/Src/main.c:165:6:lcd_printf	80	static
../Core/Src/main.c:192:6:run_heating_sequence	88	static
../Core/Src/main.c:231:5:main	72	static
../Core/Src/main.c:302:6:SystemClock_Config	88	static
../Core/Src/main.c:349:13:MX_ADC1_Init	24	static
../Core/Src/main.c:401:13:MX_I2C1_Init	8	static
../Core/Src/main.c:435:13:MX_USART1_UART_Init	8	static
../Core/Src/main.c:468:13:MX_GPIO_Init	40	static
../Core/Src/main.c:507:6:HAL_GPIO_EXTI_Callback	16	static
../Core/Src/main.c:520:6:Error_Handler	4	static,ignoring_inline_asm
